      1	 -23.05	   5.50	  0.158	0.99853							#	   5.03	  11.22	
      2	 -98.04	  27.23	 -0.503	1.00216							#	   7.94	  13.42	
      3	 -31.99	 -17.50	 -0.244	1.00101							#	   3.00	  37.13	
      4	  29.47	 -11.62	  0.246	0.99977							#	   2.84	  44.17	
      5	  58.67	 -23.00	  0.230	1.00131							#	   2.43	  18.80	
      6	  77.72	 -14.17	  0.170	0.99866							#	   1.67	  21.41	
      7	  31.18	 -14.73	  0.079	0.99930							#	   3.77	  27.02	
      8	   2.92	  -7.60	  0.088	0.99824							#	   0.40	  40.32	
      9	 -25.99	   2.30	  0.123	1.00066							#	   2.17	  43.91	
     10	  -3.79	 -12.87	  0.184	1.00009							#	   1.03	  52.20	
     11	  -4.31	   3.20	  0.028	1.00015							#	   0.20	  51.47	
     12	   4.27	  -9.30	  0.075	0.99956							#	   0.62	  44.46	
     13	   4.25	  11.74	 -0.081	0.99990							#	   1.35	  47.65	
     14	   7.00	   9.64	 -0.024	0.99901							#	   0.97	  41.39	
     15	  -5.78	   6.02	 -0.149	1.00125							#	   0.94	  40.62	
     16	  10.16	  -9.28	 -0.048	0.99980							#	   1.92	  44.65	
     17	   1.68	 -13.64	  0.035	0.99958							#	   2.04	  41.28	
     18	  40.33	 -33.27	  0.188	0.99966							#	  11.63	  32.59	
     19	  33.04	 -13.29	  0.124	0.99979							#	   2.37	  31.85	
     20	  26.97	  -3.43	  0.215	0.99836							#	   1.81	  33.54	
     21	 -40.87	  38.57	 -0.034	1.00061							#	   4.55	  22.95	
     22	 -17.90	  24.83	  0.044	0.99988							#	   3.13	  19.02	
     23	 -52.85	  16.81	  0.185	1.00209							#	   2.26	  32.55	
     24	  33.38	  -1.24	  0.123	0.99989							#	   3.27	  25.99	
     25	  12.13	  -1.37	 -0.054	0.99847							#	   0.72	  29.22	
     26	 -28.73	  18.00	 -0.121	0.99960							#	   4.53	  39.33	
     27	 -25.07	  13.89	 -0.082	1.00093							#	   2.37	  39.11	
     28	  18.62	 -19.58	  0.018	1.00005							#	   3.52	  36.47	
     29	   5.75	 -31.33	  0.036	0.99897							#	   4.99	  36.77	
     30	   3.82	  -9.44	 -0.023	0.99932							#	   0.55	  40.62	
     31	 -18.62	  -0.82	 -0.150	1.00049							#	   1.01	  44.06	
     32	   3.38	  -7.60	  0.058	0.99853							#	   0.46	  36.00	
     33	 -15.30	  -5.13	  0.057	1.00056							#	   0.80	  36.36	
     34	 -13.75	  -9.46	 -0.028	0.99959							#	   1.05	  38.05	
     35	 -28.14	  12.09	 -0.086	1.00083							#	   5.50	  37.32	
     36	  -9.97	   1.63	 -0.094	1.00005							#	   0.37	  50.73	
     37	  -9.67	   9.10	 -0.076	0.99925							#	   0.97	  45.60	
     38	  -4.38	   1.98	  0.016	1.00034							#	   0.19	  46.00	
     39	   6.43	 -11.71	  0.080	0.99949							#	   1.03	  46.85	
     40	  -3.97	 -20.40	 -0.014	1.00065							#	   2.99	  44.94	
     41	  11.14	  -9.77	  0.080	0.99983							#	   1.13	  47.47	
     42	   3.99	  -4.52	  0.115	0.99957							#	   0.35	  47.18	
     43	   8.84	  -3.42	  0.103	0.99937							#	   0.46	  48.39	
     44	  15.08	  -6.37	  0.061	1.00013							#	   1.11	  49.19	
     45	   1.23	  -0.41	 -0.015	0.99925							#	   0.08	  52.31	
     46	   3.60	  -8.47	 -0.005	0.99983							#	   0.82	  54.36	
     47	  15.58	   2.08	  0.030	1.00024							#	   1.72	  49.27	
     48	  -8.53	  -5.81	  0.003	0.99983							#	   0.85	  47.62	
     49	  -9.79	   3.30	  0.031	0.99981							#	   0.88	  49.34	
     50	  -1.51	  -3.51	  0.018	0.99999							#	   0.45	  51.21	
     51	 -11.80	 -10.28	  0.025	0.99971							#	   1.97	  43.80	
     52	 -11.02	  -8.70	  0.004	1.00016							#	   1.25	  44.72	
     53	   1.69	  -0.82	 -0.066	0.99956							#	   0.14	  47.73	
     54	   3.11	   9.20	  0.020	0.99912							#	   0.94	  43.37	
     55	 -13.55	  10.59	 -0.056	1.00019							#	   2.16	  46.70	
     56	  -4.67	   6.15	 -0.038	0.99982							#	   0.48	  47.47	
     57	  -6.36	   5.30	  0.037	1.00013							#	   0.60	  49.08	
     58	   2.38	  -6.27	  0.035	0.99922							#	   0.59	  51.17	
     59	  -1.60	  -6.65	  0.011	1.00014							#	   0.46	  48.64	
     60	   2.40	   4.37	  0.004	0.99927							#	   0.27	  46.33	
     61	  -0.91	   3.89	  0.002	1.00029							#	   0.41	  49.19	
     62	  -7.42	  -1.13	  0.026	0.99967							#	   0.91	  42.82	
     63	   7.61	   2.25	  0.044	1.00094							#	   0.95	  43.73	
     64	  16.25	   3.84	 -0.034	0.99967							#	   3.09	  48.20	
     65	 -12.35	  11.34	 -0.089	0.99994							#	   2.01	  47.32	
     66	 -11.02	   6.98	 -0.101	0.99992							#	   1.15	  50.70	
     67	  -4.89	   7.53	 -0.012	0.99971							#	   0.87	  49.60	
     68	  -0.96	   2.33	  0.076	1.00057							#	   0.18	  52.27	
     69	  -3.74	   6.53	 -0.025	0.99994							#	   0.70	  45.23	
     70	  27.83	  -9.60	  0.093	0.99904							#	   5.30	  44.87	
     71	  -1.60	   2.44	  0.041	0.99970							#	   0.08	  50.37	
     72	  16.12	  10.54	  0.119	0.99967							#	   1.82	  44.39	
     73	  -5.80	  24.64	 -0.189	1.00036							#	   3.90	  45.82	
     74	 -21.87	   8.37	 -0.119	1.00013							#	   1.81	  52.02	
     75	  -0.04	  10.21	 -0.059	1.00004							#	   0.76	  48.17	
     76	  10.29	 -19.40	 -0.045	0.99916							#	   3.02	  43.70	
     77	  10.62	 -17.04	  0.081	0.99920							#	   3.00	  26.76	
     78	 -40.66	   9.55	  0.084	0.99961							#	  10.80	  10.12	
