      1	  14.74	   0.62	  0.100	0.99771							#	   1.48	  14.08	
      2	   6.58	   3.12	  0.035	1.00113							#	   0.62	  15.47	
      3	  11.93	  -0.47	  0.002	0.99976							#	   1.02	  23.24	
      4	  15.75	  12.75	  0.147	0.99920							#	   3.32	  25.22	
      5	 -19.38	  -5.24	  0.008	1.00037							#	   1.88	  24.19	
      6	  -1.54	  -4.67	 -0.012	0.99939							#	   0.50	  26.28	
      7	  11.05	   3.47	 -0.030	1.00059							#	   0.82	  24.19	
      8	   4.42	  12.23	  0.003	0.99968							#	   1.49	  20.56	
      9	  28.10	  -8.19	 -0.002	1.00038							#	   4.16	  14.04	
     10	  52.61	   1.61	 -0.026	1.00074							#	   0.72	  14.08	
     11	  63.96	  17.09	  0.030	1.00104							#	   1.93	  14.81	
     12	  62.87	  12.80	  0.054	1.00060							#	   1.38	  12.10	
     13	  63.84	   2.96	  0.016	1.00018							#	   0.28	  13.09	
     14	  77.47	  22.73	  0.056	1.00129							#	   3.56	   9.13	
     15	  80.42	  24.65	  0.071	1.00212							#	   3.35	  10.89	
     16	  93.77	  38.75	 -0.034	1.00641							#	   5.39	   7.59	
     17	  91.53	  59.66	  0.133	1.00343							#	   1.45	   7.84	
     18	  77.91	  31.99	  0.134	1.00284							#	   4.07	  12.72	
     19	  58.53	  31.68	  0.037	1.00123							#	   3.32	  17.41	
     20	  49.59	  14.27	  0.052	1.00111							#	   2.03	  20.78	
     21	  46.26	  25.48	  0.022	1.00186							#	   4.11	  26.21	
     22	  29.27	  17.61	  0.060	1.00049							#	   4.19	  29.25	
     23	  28.88	  19.22	 -0.002	1.00096							#	   4.53	  28.56	
     24	  12.86	  39.33	  0.018	0.99983							#	   3.69	  28.41	
     25	  14.36	  24.61	  0.056	1.00061							#	   3.99	  31.38	
     26	   8.23	  19.38	  0.015	1.00023							#	   2.48	  34.05	
     27	   8.89	  15.16	  0.008	1.00001							#	   1.74	  38.60	
     28	   3.78	  15.03	 -0.006	1.00049							#	   1.41	  41.50	
     29	  -4.00	  22.85	  0.013	0.99977							#	   3.20	  37.21	
     30	  -3.05	  18.42	 -0.044	1.00031							#	   1.97	  35.56	
     31	   7.53	  18.97	 -0.054	0.99982							#	   3.55	  37.68	
     32	   5.17	  -0.71	 -0.043	0.99940							#	   0.61	  41.61	
     33	   4.10	   8.57	 -0.055	0.99999							#	   0.96	  38.27	
     34	   0.51	   3.29	 -0.029	0.99991							#	   0.43	  38.78	
     35	   7.83	   4.62	 -0.054	1.00019							#	   1.47	  38.16	
     36	  14.52	   0.86	 -0.082	1.00072							#	   3.18	  36.66	
     37	   8.88	   6.38	  0.002	1.00009							#	   1.84	  37.61	
     38	   8.42	  -1.33	 -0.053	1.00024							#	   1.52	  41.13	
     39	   2.13	  13.53	 -0.014	1.00014							#	   2.41	  40.73	
     40	  -0.44	   8.67	  0.051	1.00014							#	   1.47	  36.44	
     41	   3.12	  11.82	 -0.002	1.00034							#	   1.84	  35.08	
     42	  -2.99	  -6.07	 -0.060	1.00077							#	   1.41	  39.44	
     43	   8.56	   2.28	 -0.001	1.00028							#	   1.57	  39.55	
     44	  20.33	  -3.40	  0.086	1.00080							#	   5.94	  35.85	
     45	  13.35	   6.83	  0.024	1.00079							#	   1.64	  33.14	
     46	  11.92	  10.17	  0.061	0.99981							#	   2.26	  33.47	
     47	   5.39	  -4.51	  0.020	1.00054							#	   1.07	  34.05	
     48	   7.39	  -9.97	  0.023	1.00091							#	   1.92	  33.10	
     49	  18.54	  -3.15	 -0.006	1.00104							#	   3.23	  38.89	
     50	  12.29	  -7.91	 -0.006	1.00072							#	   1.61	  41.09	
     51	   4.10	   0.01	  0.060	0.99975							#	   0.49	  39.55	
     52	 -13.82	  -2.44	  0.069	1.00020							#	   3.43	  40.32	
     53	   2.27	  30.82	  0.032	1.00054							#	   4.98	  41.20	
     54	  -6.65	  -3.16	  0.033	0.99942							#	   0.72	  39.30	
     55	 -10.12	  -9.30	 -0.036	1.00058							#	   1.87	  39.92	
     56	  -2.61	 -14.07	 -0.067	0.99981							#	   1.71	  37.17	
     57	  -4.95	   7.91	 -0.056	0.99996							#	   1.04	  37.79	
     58	   0.83	  -8.70	 -0.039	1.00032							#	   1.14	  40.84	
     59	   2.16	 -10.04	 -0.017	0.99999							#	   1.68	  40.58	
     60	  -5.44	  -0.34	  0.011	0.99997							#	   1.07	  39.41	
     61	  -1.10	  -1.88	 -0.003	1.00054							#	   0.83	  39.19	
     62	  -3.05	   4.33	  0.024	0.99993							#	   1.96	  39.59	
     63	   0.50	   5.49	  0.021	1.00026							#	   1.25	  37.98	
     64	   3.41	   2.46	  0.009	1.00025							#	   0.98	  41.35	
     65	   3.71	   3.56	 -0.000	1.00005							#	   1.39	  36.00	
     66	  -1.20	  -0.69	  0.024	1.00016							#	   0.99	  37.13	
     67	   8.47	   9.67	 -0.018	1.00062							#	   2.83	  34.90	
     68	   8.26	 -10.13	 -0.005	0.99994							#	   2.46	  34.13	
     69	  15.38	   4.63	 -0.039	1.00039							#	   3.44	  35.41	
     70	   9.19	  -9.58	 -0.033	0.99995							#	   1.76	  37.54	
     71	   6.31	   7.20	 -0.025	1.00024							#	   1.39	  37.06	
     72	   6.28	  -2.93	 -0.007	1.00092							#	   1.31	  37.61	
     73	   7.05	   2.28	  0.006	1.00046							#	   1.59	  37.21	
     74	   6.17	  -0.53	  0.018	1.00003							#	   1.08	  44.54	
     75	   0.99	   4.52	  0.039	0.99980							#	   0.91	  42.34	
     76	  -7.16	   9.64	 -0.007	1.00016							#	   2.39	  37.65	
     77	   0.59	   8.34	  0.003	1.00000							#	   1.01	  39.92	
     78	  -2.71	   0.11	 -0.036	0.99941							#	   1.43	  38.38	
     79	   5.85	   3.45	 -0.027	1.00051							#	   2.75	  37.94	
     80	   4.47	   2.82	  0.036	0.99980							#	   1.95	  37.24	
     81	   4.84	  -1.24	  0.022	1.00019							#	   2.60	  36.47	
     82	   1.08	   2.18	  0.020	0.99984							#	   2.23	  37.28	
     83	   5.01	  11.91	  0.025	1.00058							#	   4.72	  36.14	
     84	   2.88	   4.83	  0.005	1.00017							#	   1.44	  32.55	
     85	  15.59	   0.65	 -0.007	1.00011							#	   3.84	  37.39	
     86	  11.83	   5.26	  0.035	0.99986							#	   2.27	  31.01	
     87	   8.84	   2.33	 -0.010	1.00044							#	   1.88	  30.39	
     88	   8.85	   5.42	 -0.029	0.99977							#	   2.71	  32.00	
     89	   2.96	   2.32	 -0.030	1.00045							#	   1.65	  33.80	
     90	  15.16	 -14.22	 -0.104	1.00053							#	   5.51	  32.84	
     91	  24.09	   7.44	 -0.089	1.00164							#	   4.41	  33.03	
     92	  38.83	  -3.03	 -0.127	1.00205							#	   6.62	  21.74	
     93	  58.23	  -6.14	 -0.109	0.99945							#	   1.26	  12.98	
