      1	  -1.13	  -0.45	  0.078	1.00001							#	   0.42	  16.42	
      2	 -13.73	  13.39	  0.023	0.99838							#	   3.18	  15.25	
      3	 -13.07	  -3.61	 -0.005	0.99935							#	   0.27	  14.33	
      4	   1.67	   6.01	  0.013	0.99965							#	   0.43	  17.74	
      5	 -10.94	   5.87	 -0.054	0.99951							#	   0.43	  15.80	
      6	  -7.28	  17.40	 -0.009	0.99970							#	   2.12	  15.58	
      7	 -12.22	  14.68	  0.038	0.99938							#	   1.18	  15.21	
      8									skipped		#	   2.19	   0.59	
      9	   9.39	  -2.34	  0.546	0.99331							#	   0.06	   3.34	
     10	  22.16	  -9.95	  1.213	0.98633							#	   0.20	   2.49	
     11	  13.90	  -6.24	  0.805	0.98909							#	   0.06	   3.41	
     12	   6.13	  -5.57	  0.238	0.99391							#	   0.16	   4.00	
     13	   5.55	  10.57	  0.163	0.99276							#	   0.87	   3.26	
     14									skipped		#	   1.55	   0.70	
     15	  26.44	 -22.02	 -0.065	0.99034							#	   3.81	   2.53	
     16	  40.60	 -61.60	 -0.215	1.00202							#	   0.49	   9.35	
     17	  57.13	 -11.11	  0.147	1.00369							#	   0.93	   5.76	
     18	  82.21	 -13.98	  0.126	1.00381							#	   1.49	   8.94	
     19	  96.23	  20.06	  0.124	1.00388							#	   3.20	  10.01	
     20	  72.88	  11.51	  0.105	1.00223							#	   0.69	  11.69	
     21	  83.99	   0.97	 -0.025	1.00230							#	   0.58	  16.97	
     22	  67.03	   0.47	 -0.019	1.00020							#	   0.07	  11.14	
     23	  40.10	   3.80	  0.001	1.00080							#	   0.97	  29.51	
     24	   1.88	  25.89	 -0.066	0.99906							#	   3.86	  22.07	
     25	 -56.24	  66.21	 -0.145	0.99835							#	   0.18	  10.45	
     26	 -41.91	  67.55	  0.019	0.99897							#	   0.67	   7.81	
     27	 -52.31	  66.58	 -0.145	0.99697							#	   0.15	   9.79	
     28	 -52.93	  64.59	 -0.024	0.99695							#	   0.23	   6.41	
     29									skipped		#	   1.72	   0.40	
     30									skipped		#	   5.18	   0.44	
     31	-273.38	  50.21	  0.682	1.01816							#	   2.11	   2.16	
     32									skipped		#	   2.34	   0.51	
     33									skipped		#	   3.35	   1.14	
     34									skipped		#	   1.77	   1.36	
     35									skipped		#	   2.60	   1.25	
     36									skipped		#	   2.59	   0.81	
     37									skipped		#	   9.83	   0.37	
     38									skipped		#	   6.76	   0.77	
     39									skipped		#	   8.28	   0.51	
     40	 123.20	 -11.38	 -0.111	0.99986							#	   8.03	   7.88	
     41	 120.92	  -4.00	  0.021	1.00257							#	   7.92	  10.63	
     42	 128.26	   5.26	 -0.334	1.00704							#	   7.85	   4.44	
     43	 151.74	   7.28	 -0.162	1.00122							#	   6.52	   7.88	
     44	 177.40	 -11.00	 -0.021	0.99915							#	   5.47	   5.68	
     45	 174.40	  -0.20	  0.237	0.99392							#	   5.44	   3.41	
     46	 149.63	  15.46	  0.009	1.00118							#	   6.43	  11.66	
     47	 147.41	  22.46	 -0.196	1.00607							#	   7.59	  11.14	
     48	 131.90	  23.66	 -0.070	1.00441							#	   9.07	  12.21	
     49	 116.89	  11.37	 -0.070	1.00142							#	   8.51	  14.77	
     50	 109.43	   3.90	 -0.124	0.99976							#	   7.85	   9.16	
     51	  94.65	  -4.42	 -0.166	1.00354							#	   6.23	  22.91	
     52	  87.08	 -31.43	 -0.161	1.00077							#	   9.47	  21.66	
     53	  77.49	 -17.74	 -0.104	1.00026							#	   5.57	  28.81	
     54	  78.85	 -14.27	 -0.113	1.00024							#	   5.66	  27.86	
     55	  82.26	 -29.21	 -0.088	1.00138							#	   8.07	  22.03	
     56	  98.67	 -33.67	 -0.049	1.00067							#	   6.35	  23.09	
     57	  96.95	 -32.32	 -0.038	1.00101							#	   6.52	  18.77	
     58	 103.09	 -16.14	  0.043	1.00053							#	   6.57	  15.18	
     59	 124.61	  25.76	  0.061	1.00267							#	   6.57	  13.82	
     60	 151.24	  17.82	 -0.084	1.00013							#	   5.29	  16.72	
     61	 129.21	  23.86	 -0.029	1.00097							#	   6.93	   8.43	
     62	 108.08	   1.83	 -0.041	1.00061							#	   5.99	  22.84	
     63	 118.32	   6.19	  0.001	1.00098							#	   6.20	  21.96	
     64	 109.74	  -3.69	 -0.107	0.99966							#	   5.39	  19.32	
     65	 123.67	  -4.20	 -0.078	0.99917							#	   4.94	  19.24	
     66	  92.75	   1.81	 -0.069	0.99857							#	   3.81	  19.87	
     67	  89.68	  14.74	 -0.042	0.99853							#	   5.07	  28.96	
     68	  90.71	  10.28	 -0.123	0.99883							#	   4.65	  28.48	
     69	 105.37	  12.71	 -0.063	1.00133							#	   5.80	  16.31	
     70	 108.35	   4.55	 -0.081	0.99865							#	   4.91	  21.96	
     71	 120.66	   9.60	 -0.065	0.99754							#	   4.98	  19.06	
     72	 137.77	  -7.61	 -0.081	0.99781							#	   3.30	  15.32	
     73	 140.87	   7.07	 -0.004	0.99736							#	   3.33	  11.69	
     74	 147.19	   7.40	  0.045	0.99579							#	   3.22	  10.34	
     75	 128.43	   6.69	  0.023	0.99768							#	   3.93	  11.03	
     76	 119.86	   0.52	  0.052	1.00370							#	   4.31	   8.14	
     77	  96.69	  13.93	  0.020	1.00536							#	   6.29	   9.20	
     78	  91.71	  -0.48	 -0.005	0.99925							#	   5.44	   9.86	
     79	  71.89	   8.33	  0.022	0.99984							#	   5.37	  12.21	
     80	  66.37	  -5.74	 -0.030	0.99947							#	   5.68	  12.43	
     81	  58.67	 -16.01	 -0.026	0.99941							#	   5.68	  11.47	
     82	  81.97	 -60.00	 -0.172	1.00014							#	   4.90	   6.71	
     83	  66.29	 -68.67	  0.111	0.99836							#	   4.26	   7.51	
     84	  34.90	 -57.57	  0.114	0.99891							#	   5.05	  10.63	
     85	  12.05	 -30.38	  0.136	1.00024							#	   4.34	  15.62	
     86	  37.56	 -61.11	  0.124	0.99951							#	   5.78	   9.42	
     87	  40.47	 -83.00	  0.007	0.99875							#	   5.19	   5.94	
     88	  39.06	 -94.64	  0.022	0.99934							#	   6.20	   6.34	
     89	  32.22	 -65.57	  0.026	0.99849							#	   4.39	   8.98	
     90	  49.13	 -41.41	  0.072	1.00059							#	   2.19	   7.04	
     91	  48.43	 -16.67	 -0.043	1.00076							#	   2.21	  10.74	
     92	  52.28	 -21.26	 -0.021	1.00257							#	   1.74	  11.07	
     93	  48.18	 -34.74	 -0.127	1.00152							#	   2.29	   9.02	
     94	  38.73	 -68.15	 -0.161	0.99906							#	   3.17	   3.67	
     95	  18.32	-138.41	  0.172	0.99943							#	   1.64	   2.38	
     96	  53.48	 -79.85	 -0.051	1.00115							#	   1.36	   5.28	
     97	  37.07	 -62.71	  0.082	1.00080							#	   3.81	   9.35	
     98	  28.21	 -46.58	 -0.041	1.00080							#	   4.59	  12.43	
     99	  15.67	 -21.10	  0.068	1.00074							#	   1.89	  16.46	
    100	  51.87	 -49.97	 -0.087	1.00181							#	   1.44	   8.69	
    101	  70.81	  -2.05	  0.174	1.00320							#	   0.75	   3.81	
    102	  83.14	  44.32	 -0.055	1.00550							#	   3.34	   4.69	
    103	 105.69	  95.81	 -0.011	1.00125							#	   4.01	   3.74	
    104	 103.04	  91.16	 -0.160	1.00375							#	   4.09	   3.56	
    105	 107.65	  70.48	  0.023	0.99594							#	   2.54	   4.51	
    106	 101.37	  54.29	 -0.079	0.99609							#	   3.92	   4.55	
    107	 106.74	  75.10	  0.001	0.99675							#	   2.82	   4.80	
    108	  87.42	  76.39	  0.124	0.99716							#	   4.05	   5.32	
    109	  76.23	  76.23	  0.025	0.99686							#	   1.01	   6.56	
    110	  78.05	  69.28	  0.013	0.99982							#	   0.96	   8.32	
    111	  52.23	  63.87	 -0.040	0.99982							#	   0.77	   9.68	
    112	  33.17	  74.74	 -0.005	1.00094							#	   3.66	  10.52	
    113	  32.78	  64.71	  0.029	1.00005							#	   2.57	  11.00	
    114	  -3.75	  59.41	 -0.056	1.00109							#	   0.52	  14.00	
    115	 -12.57	  60.01	 -0.073	1.00116							#	   1.29	  14.52	
    116	 -13.00	  64.81	 -0.023	1.00116							#	   1.75	  16.02	
    117	  -0.49	  54.25	 -0.085	1.00305							#	   1.37	  11.69	
    118	  12.73	  46.66	 -0.021	1.00011							#	   2.76	  19.54	
    119	  17.57	  54.02	 -0.037	0.99975							#	   2.87	  18.51	
    120	  17.64	  51.34	 -0.099	0.99969							#	   4.09	  18.77	
    121	  18.31	  55.71	 -0.135	0.99750							#	   3.80	   8.06	
    122	  57.58	  42.72	  0.007	0.99785							#	   5.78	  13.82	
    123	  73.97	  32.30	 -0.052	0.99880							#	   5.82	  12.76	
    124	  61.18	  31.09	 -0.049	0.99812							#	   4.90	  12.79	
    125	  79.15	  31.64	 -0.073	0.99679							#	   5.81	  13.86	
    126	  73.68	  11.13	 -0.049	0.99722							#	   2.16	  10.04	
    127	  71.36	  -1.95	 -0.037	1.00005							#	   1.33	  13.31	
    128	  65.92	  -4.55	 -0.067	0.99989							#	   1.67	  11.33	
    129	  54.53	 -17.01	 -0.042	0.99813							#	   3.69	  12.28	
    130	  38.98	  -2.85	  0.022	0.99965							#	   3.46	  15.03	
    131	  37.92	  -9.92	 -0.036	0.99901							#	   4.54	  17.12	
    132	  46.14	   0.38	  0.025	0.99945							#	   3.69	  15.80	
    133	  58.42	   9.58	  0.098	1.00013							#	   3.08	  12.24	
    134	  67.04	   4.44	  0.060	0.99938							#	   1.29	  10.08	
    135	  74.10	   6.20	  0.133	0.99872							#	   1.75	  10.01	
    136	  82.00	   8.22	  0.123	1.00176							#	   1.87	   8.61	
    137	  81.12	   8.14	  0.096	1.00160							#	   1.74	   9.13	
    138	  66.65	  12.22	  0.060	1.00027							#	   3.15	   9.20	
    139	  68.64	  18.59	  0.011	1.00112							#	   5.18	  10.70	
    140	  65.37	  18.66	  0.003	1.00168							#	   3.73	  11.36	
    141	  59.76	  -3.69	 -0.026	1.00144							#	   2.44	  14.15	
    142	  52.75	   3.05	 -0.007	1.00021							#	   3.62	  17.30	
    143	  24.88	  14.64	  0.087	0.99815							#	   4.43	  19.50	
