      1	  -8.54	  -1.80	  0.002	0.99944							#	   1.13	  18.44	
      2	 -14.42	  -5.80	 -0.070	0.99911							#	   2.31	  20.09	
      3	  -0.90	  -8.70	  0.026	0.99926							#	   0.89	  13.89	
      4	 -14.47	  32.60	  0.045	0.99649							#	   5.30	   3.89	
      5	  -1.57	  -7.49	 -0.066	0.99994							#	   1.89	   3.89	
      6	  -6.68	  -4.10	 -0.078	0.99834							#	   0.35	  22.21	
      7	   3.13	   1.89	  0.032	0.99932							#	   0.24	  22.14	
      8	   3.90	   2.72	  0.092	0.99951							#	   0.34	  24.60	
      9	  -2.82	  -1.28	  0.022	0.99949							#	   0.10	  23.13	
     10	  -2.27	  -0.14	 -0.005	1.00008							#	   0.10	  26.14	
     11	  -2.00	 -10.75	  0.018	1.00007							#	   1.25	  25.51	
     12	   1.92	   3.07	  0.016	1.00013							#	   0.22	  24.19	
     13	  -3.48	  -0.59	 -0.007	0.99977							#	   0.40	  25.73	
     14	  -9.10	   7.02	 -0.060	0.99963							#	   2.21	  20.31	
     15	   0.57	  -4.50	  0.026	1.00012							#	   0.24	  23.75	
     16	   4.75	   9.71	  0.025	0.99968							#	   1.53	  22.14	
     17	   1.04	   0.32	  0.007	1.00016							#	   0.24	  23.94	
     18	  -4.14	   2.01	 -0.051	1.00023							#	   0.44	  22.58	
     19	  -7.70	  -4.35	  0.021	1.00024							#	   1.25	  22.25	
     20	  -8.43	   0.26	 -0.008	1.00048							#	   0.95	  22.62	
     21	 -11.71	  -8.72	  0.009	1.00102							#	   2.86	  18.80	
     22	 -10.22	  -4.32	  0.052	1.00208							#	   1.06	  21.96	
     23	 -13.41	  -2.09	 -0.010	0.99701							#	   1.87	  21.96	
     24	 -15.50	   1.34	 -0.043	0.99958							#	   2.83	  23.83	
     25	  -1.44	   6.65	 -0.081	0.99964							#	   0.17	  23.50	
     26	   4.94	  -9.44	  0.006	1.00019							#	   0.58	  25.07	
     27	   1.24	   5.52	  0.004	0.99995							#	   0.13	  24.34	
     28	   3.09	  -0.87	  0.010	1.00025							#	   0.16	  25.26	
     29	   1.78	  -2.56	  0.027	1.00028							#	   0.30	  23.86	
     30	  -1.02	   5.24	  0.068	1.00036							#	   1.52	  23.35	
     31	  -3.42	  -6.34	  0.066	1.00022							#	   0.55	  24.93	
     32	  -0.22	  11.06	 -0.047	1.00026							#	   0.97	  25.22	
     33	   2.07	  -3.56	  0.088	1.00051							#	   0.28	  25.33	
     34	  -4.65	  -1.66	  0.003	0.99987							#	   0.61	  25.22	
     35	  -6.09	   2.74	  0.044	0.99964							#	   1.46	  23.46	
     36	  -2.79	  -2.41	  0.052	1.00004							#	   0.98	  24.27	
     37	  -0.72	   7.92	  0.071	1.00001							#	   3.02	  24.16	
     38	  -2.87	  -3.54	  0.033	0.99966							#	   0.38	  24.19	
     39	   0.96	   2.10	  0.024	0.99982							#	   0.58	  26.69	
     40	   2.38	  -3.49	  0.063	0.99997							#	   0.31	  26.32	
     41	  -3.80	   3.84	  0.067	1.00015							#	   0.31	  24.05	
     42	  -4.54	   0.91	  0.047	1.00013							#	   0.58	  26.58	
     43	  -5.03	  -5.85	  0.026	1.00008							#	   2.42	  24.16	
     44	  -3.23	   0.98	  0.044	1.00030							#	   1.07	  26.36	
     45	  -2.16	  -2.45	 -0.020	1.00019							#	   1.14	  25.73	
     46	   0.32	   4.08	  0.002	0.99989							#	   1.37	  24.85	
     47	  -0.91	   1.50	  0.013	1.00010							#	   1.58	  24.82	
     48	  -0.94	  -3.44	  0.004	0.99990							#	   1.75	  24.34	
     49	  -2.15	   0.53	  0.009	0.99991							#	   1.98	  26.21	
     50	  -4.06	   1.00	 -0.019	1.00015							#	   1.53	  26.14	
     51	  -4.22	  -5.55	 -0.047	1.00005							#	   2.69	  21.99	
     52	  -6.90	   6.62	  0.015	1.00044							#	   1.59	  23.09	
     53	  -4.55	   3.43	  0.062	1.00030							#	   1.99	  24.71	
     54	  -0.67	   1.03	  0.017	1.00019							#	   1.86	  23.97	
     55	  -1.96	  -1.17	 -0.005	0.99996							#	   1.42	  26.65	
     56	  -7.82	  -3.60	  0.008	0.99999							#	   1.50	  23.50	
     57	 -12.01	   2.05	 -0.032	0.99952							#	   1.99	  22.36	
     58	  -7.65	   5.86	 -0.039	0.99997							#	   1.14	  23.06	
     59	  -2.04	  -4.67	 -0.017	0.99980							#	   1.36	  23.86	
     60	  -4.21	  -4.75	 -0.008	0.99941							#	   1.10	  22.18	
     61	  -9.77	   1.15	  0.001	0.99980							#	   0.96	  21.37	
     62	  -7.59	   7.11	  0.029	0.99986							#	   1.20	  22.36	
     63	  -9.11	  -4.43	  0.011	1.00008							#	   1.14	  23.83	
     64	 -10.81	  -1.33	  0.019	0.99978							#	   1.72	  22.18	
     65	  -6.35	   3.22	 -0.039	1.00001							#	   1.63	  23.68	
     66	  -7.47	  -4.26	 -0.013	1.00047							#	   1.06	  19.90	
     67	 -10.22	  -0.03	 -0.009	0.99991							#	   1.65	  20.42	
     68	  -4.97	 -12.57	  0.005	1.00037							#	   1.31	  20.78	
     69	  -6.17	  -3.37	 -0.014	0.99998							#	   1.37	  19.87	
     70	  -6.11	   1.79	 -0.010	1.00014							#	   1.34	  21.52	
     71	  -5.35	   1.76	 -0.031	0.99978							#	   1.14	  22.03	
     72	  -8.71	  -8.21	 -0.014	1.00034							#	   1.48	  11.62	
     73	  -5.91	   1.49	  0.087	1.00014							#	   2.05	  21.92	
     74	  -8.58	  -3.45	  0.029	1.00031							#	   2.88	  13.53	
     75	  -3.07	   0.98	  0.050	1.00026							#	   1.00	  24.23	
     76	  -2.29	  -3.86	  0.034	1.00009							#	   0.61	  23.20	
     77	   4.47	   2.96	  0.040	1.00051							#	   1.02	  21.88	
     78	   2.39	  -8.81	  0.004	1.00056							#	   0.75	  22.65	
     79	   3.06	   9.20	  0.021	1.00021							#	   2.78	  22.76	
     80	   2.41	  -5.34	 -0.030	1.00054							#	   0.67	  21.26	
     81	  11.40	   3.96	  0.005	1.00105							#	   3.23	  21.48	
     82	   9.84	  -1.25	  0.034	1.00099							#	   1.55	  23.20	
     83	  -0.06	  -7.27	 -0.018	1.00036							#	   0.85	  21.55	
     84	  -5.04	  -4.08	 -0.096	1.00053							#	   0.80	  21.19	
     85	  -5.33	  -2.96	 -0.035	1.00042							#	   1.06	  22.95	
     86	  -2.72	  -0.20	 -0.020	1.00038							#	   1.46	  23.39	
     87	  -8.56	  -7.32	 -0.031	0.99988							#	   2.68	  21.41	
     88	  -3.74	  -1.76	  0.024	1.00068							#	   0.97	  22.18	
     89	   2.02	   0.47	  0.034	1.00063							#	   0.66	  22.10	
     90	  -0.34	 -11.38	 -0.026	1.00071							#	   0.66	  21.66	
     91	   2.89	  -5.08	 -0.038	1.00091							#	   0.33	  23.46	
     92	   4.44	 -10.05	 -0.045	1.00076							#	   0.62	  20.12	
     93	   4.85	  -4.85	 -0.017	1.00103							#	   1.69	  20.97	
     94	  -1.39	   1.14	  0.032	1.00062							#	   1.68	  22.51	
     95	  -7.67	   8.97	  0.010	1.00076							#	   2.66	  21.52	
     96	  -1.39	  -6.73	 -0.003	1.00079							#	   1.95	  20.42	
     97	   1.51	  -0.98	 -0.011	1.00025							#	   1.83	  22.10	
     98	  -5.98	  -5.93	 -0.050	0.99994							#	   2.89	  22.21	
     99	  -5.17	   2.20	 -0.034	0.99957							#	   2.00	  22.62	
    100	  -1.19	   1.47	 -0.018	0.99958							#	   1.79	  22.29	
    101	   0.07	   6.08	 -0.026	0.99960							#	   2.28	  21.22	
    102	   2.65	  -6.60	 -0.019	0.99955							#	   0.55	  24.49	
    103	  -1.35	  -2.82	 -0.031	0.99939							#	   0.43	  24.05	
    104	  -2.56	   1.50	 -0.015	0.99949							#	   0.79	  23.02	
    105	  -3.79	  15.31	  0.062	0.99967							#	   1.89	  22.73	
    106	  -4.72	  -7.85	  0.026	0.99953							#	   0.42	  23.83	
    107	  -0.52	  15.71	 -0.051	0.99981							#	   1.37	  24.67	
    108	   4.82	 -13.31	  0.016	0.99970							#	   1.39	  24.49	
    109	   2.25	  12.35	  0.028	0.99971							#	   1.31	  23.83	
    110	   1.77	   0.53	 -0.026	0.99992							#	   0.54	  24.93	
    111	   2.61	   4.91	  0.004	0.99950							#	   0.66	  24.05	
    112	   0.56	   4.32	 -0.009	0.99992							#	   0.48	  27.24	
    113	  -4.57	   9.65	 -0.094	0.99928							#	   1.14	  24.12	
    114	  -6.83	  -3.45	 -0.065	0.99946							#	   1.06	  24.23	
    115	  -3.72	  12.46	 -0.031	0.99976							#	   1.88	  25.04	
    116	  -7.05	  -9.02	  0.023	0.99973							#	   1.14	  23.31	
    117	  -3.57	  -0.17	 -0.032	0.99965							#	   0.86	  26.21	
    118	  -0.99	  -0.77	 -0.042	0.99962							#	   0.32	  26.94	
    119	  -1.50	 -10.69	 -0.050	0.99977							#	   0.54	  25.51	
    120	  -5.23	 -11.32	 -0.035	0.99942							#	   1.10	  23.06	
    121	  -1.56	  -0.32	 -0.047	1.00000							#	   0.65	  25.84	
    122	  -1.70	 -14.13	 -0.029	1.00003							#	   1.31	  22.47	
    123	   2.33	 -13.12	 -0.079	1.00057							#	   1.23	  17.82	
    124	  -5.14	 -56.21	 -0.131	1.00012							#	   1.18	  11.58	
    125	 -17.24	 -48.09	 -0.176	1.00071							#	   7.95	   9.86	
    126	 -11.71	 -64.27	  0.105	1.00077							#	   0.98	   9.02	
    127	 -13.11	 -70.84	  0.027	1.00147							#	   1.79	   6.09	
    128	  -7.58	 -68.09	  0.024	1.00076							#	   1.21	   5.13	
    129	 -11.57	 -65.75	 -0.103	1.00068							#	   1.75	   5.17	
    130	 -19.13	 -71.36	  0.106	1.00147							#	   3.51	   3.48	
    131	  -3.71	 -66.45	  0.301	0.99614							#	   1.32	   2.60	
    132	  -1.90	 -68.26	  0.130	1.00077							#	   1.72	   3.89	
    133	  -8.24	 -48.09	  0.181	1.00572							#	   1.67	   3.85	
    134	   6.03	 -33.79	  0.188	1.00056							#	   2.31	   5.72	
    135	   1.48	 -31.20	  0.039	1.00065							#	   3.31	   6.82	
    136	  -6.68	 -22.30	 -0.033	1.00025							#	   4.23	   5.90	
    137	  -3.48	 -14.36	 -0.066	1.00027							#	   4.85	   8.61	
    138	  -2.72	 -27.19	 -0.020	1.00007							#	   3.96	   9.60	
    139	  -2.18	 -12.00	 -0.043	0.99981							#	   3.55	   9.68	
    140	  -7.55	 -19.24	 -0.100	1.00056							#	   3.33	   8.94	
    141	  -6.15	   9.07	 -0.058	0.99901							#	   4.03	   9.31	
    142	  -5.83	   9.16	  0.041	0.99871							#	   3.57	   9.57	
    143	  -6.54	  24.93	  0.059	0.99911							#	   2.12	   8.98	
    144	 -12.00	  47.11	  0.001	0.99847							#	   3.06	   5.21	
    145	 -15.72	  75.95	 -0.020	0.99918							#	   1.94	   3.78	
    146	  -7.54	  65.56	 -0.065	0.99759							#	   1.90	   3.48	
    147	  -1.28	  43.80	  0.087	0.99933							#	   2.54	   6.71	
    148	  -8.20	  35.29	  0.108	0.99807							#	   1.67	   7.92	
    149	 -13.92	  35.54	  0.087	0.99839							#	   2.62	   9.53	
    150	 -18.71	  14.73	  0.033	0.99867							#	   2.46	  11.40	
    151	 -10.17	  24.40	  0.062	0.99933							#	   1.64	  13.60	
    152	  -4.78	   7.78	  0.007	0.99954							#	   0.48	  13.42	
    153	   2.58	  18.29	 -0.074	0.99975							#	   1.39	  14.30	
    154	   1.43	  29.22	 -0.306	0.99949							#	   2.42	  11.91	
