      1	 113.76	 -19.96	  1.261	0.99126							#	  23.79	   2.20	
      2	  25.33	  65.92	 -0.521	1.00227							#	   3.53	   3.15	
      3	  75.99	  34.81	 -0.690	0.99915							#	   4.42	   5.50	
      4	  10.39	   4.96	 -0.047	0.99983							#	   1.20	  45.34	
      5	  26.02	  -2.45	 -0.045	1.00103							#	   2.18	  48.46	
      6	  22.48	  -9.16	  0.180	0.99964							#	   1.94	  47.58	
      7	   4.09	  -7.12	  0.073	0.99982							#	   2.64	  57.22	
      8	  20.45	  -1.59	  0.003	1.00059							#	   2.08	  43.37	
      9	  41.01	  -3.11	 -0.107	1.00069							#	   5.90	  43.48	
     10	  34.10	   2.09	 -0.036	1.00004							#	   3.61	  45.12	
     11	  28.04	  -1.31	  0.031	1.00035							#	   2.88	  50.11	
     12	  20.43	   4.50	  0.034	1.00060							#	   1.87	  49.49	
     13	  23.12	   7.93	  0.050	1.00077							#	   2.71	  51.61	
     14	  25.98	   3.45	 -0.009	1.00035							#	   3.02	  48.53	
     15	  26.03	  13.94	  0.026	0.99991							#	   4.11	  50.73	
     16	  11.49	 -13.55	  0.115	1.00002							#	   4.37	  54.91	
     17	  19.57	  -3.11	  0.085	1.00034							#	   2.56	  53.81	
     18	  17.86	  -0.63	  0.017	1.00012							#	   2.28	  55.35	
     19	  20.08	   7.41	  0.083	1.00040							#	   2.85	  54.47	
     20	  28.12	  -3.41	  0.082	1.00080							#	   3.47	  54.62	
     21	  35.58	   3.24	  0.096	1.00079							#	   5.05	  50.99	
     22	  36.38	  -3.80	  0.184	1.00090							#	   4.67	  49.63	
     23	  35.72	   3.97	  0.071	1.00076							#	   4.50	  49.89	
     24	  32.93	  -1.70	  0.037	1.00066							#	   4.37	  53.48	
     25	  37.66	  10.42	 -0.027	1.00039							#	   5.66	  48.24	
     26	  43.45	   0.04	 -0.102	1.00006							#	   5.59	  45.97	
     27	  44.21	  17.87	 -0.122	0.99987							#	   7.41	  47.10	
     28	  39.59	  -1.90	  0.088	1.00024							#	   4.86	  42.45	
     29	  43.57	  -2.38	 -0.014	0.99985							#	   6.20	  42.08	
     30	  40.52	   5.80	 -0.114	1.00032							#	   4.74	  44.61	
     31	  63.66	   5.13	 -0.012	1.00074							#	   5.17	  30.94	
     32	  66.84	 -16.18	  0.167	0.99965							#	   7.42	  31.38	
     33	  36.22	   7.19	  0.028	0.99955							#	   3.20	  46.74	
     34	  47.99	   7.84	  0.062	1.00045							#	   5.01	  41.68	
     35	  61.20	  10.69	  0.047	0.99990							#	   6.68	  37.90	
     36	  47.04	   1.81	 -0.088	0.99952							#	   3.29	  40.58	
     37	  17.71	  12.04	 -0.030	0.99973							#	   2.64	  51.61	
     38	  23.06	   1.53	  0.082	1.00030							#	   2.38	  48.79	
     39	  44.02	   0.34	 -0.012	1.00054							#	   2.75	  33.17	
     40	  48.60	 -11.64	 -0.104	0.99948							#	   3.35	  33.83	
     41	  45.01	  -5.74	  0.023	1.00037							#	   3.79	  35.41	
     42	  55.25	   3.89	  0.046	0.99988							#	   3.22	  34.13	
     43	  40.77	   2.47	 -0.008	1.00070							#	   2.95	  35.67	
     44	  64.60	  -5.81	  0.005	0.99910							#	   3.80	  29.33	
     45	  56.70	  -6.79	  0.138	0.99785							#	   2.82	  29.62	
     46	  55.92	  12.48	  0.105	0.99877							#	   3.28	  32.11	
     47	  57.09	  -2.32	  0.118	0.99905							#	   3.35	  31.12	
     48	  58.12	  -4.40	  0.038	1.00023							#	   3.69	  32.81	
     49	  49.52	   3.96	  0.067	1.00050							#	   3.76	  33.28	
     50	  46.93	  12.88	  0.171	1.00093							#	   4.24	  31.23	
     51	  56.53	   9.85	  0.225	1.00091							#	   3.67	  27.05	
     52	  66.39	  -6.22	  0.258	1.00049							#	   3.56	  25.55	
     53	  75.97	   6.46	  0.237	1.00090							#	   4.19	  23.68	
     54	  81.72	   4.12	  0.151	1.00107							#	   3.66	  24.60	
     55	  81.77	  10.57	  0.071	1.00024							#	   3.50	  21.19	
     56	  62.88	  -5.28	  0.032	1.00003							#	   5.33	  23.90	
     57	  54.79	  -3.14	  0.099	0.99962							#	   4.53	  30.90	
     58	  47.38	   1.78	  0.093	0.99963							#	   5.17	  33.54	
     59	  44.02	   4.39	  0.013	0.99990							#	   4.74	  18.51	
     60	  44.10	  -6.14	 -0.045	0.99995							#	   4.84	  19.06	
     61	  43.81	  -5.85	 -0.102	1.00048							#	   4.07	  18.37	
     62	  56.14	  -7.55	 -0.123	1.00004							#	   3.20	  17.45	
     63	  49.05	   8.85	 -0.080	0.99997							#	   4.75	  18.55	
     64	  41.88	  -8.05	 -0.049	1.00007							#	   4.25	  19.83	
     65	  35.53	  -2.83	 -0.069	1.00042							#	   4.26	  20.89	
     66	  29.54	   5.40	 -0.075	1.00048							#	   4.04	  31.27	
     67	  24.57	  -7.06	 -0.072	0.99968							#	   4.56	  46.04	
     68	  19.63	  -7.19	 -0.173	1.00030							#	   4.65	  37.79	
     69	  11.04	  -1.46	 -0.031	1.00003							#	   4.97	  38.97	
     70	   7.86	  -8.56	 -0.014	1.00004							#	   4.81	  40.84	
     71	  11.40	  -0.59	 -0.138	1.00010							#	   4.47	  39.22	
     72	   4.69	 -17.36	 -0.068	0.99930							#	   4.17	  51.39	
     73	   4.14	   0.23	 -0.042	0.99986							#	   3.39	  54.44	
     74	  15.75	   0.07	 -0.077	0.99976							#	   3.42	  50.48	
     75	  17.56	  -6.18	  0.051	0.99929							#	   2.85	  51.58	
     76	  15.62	  15.43	  0.145	1.00023							#	   2.47	  36.25	
