      1	 -44.68	 -18.93	  0.501	1.00091							#	   7.98	  21.74	
      2	 -13.77	   3.98	 -0.047	1.00050							#	   1.53	  46.55	
      3	   1.25	  -0.78	 -0.061	0.99983							#	   1.15	  53.96	
      4	  14.15	  -2.92	  0.054	1.00020							#	   3.24	  49.12	
      5	  19.78	  11.00	  0.049	1.00021							#	   4.33	  46.96	
      6	   5.94	  -0.79	  0.012	0.99988							#	   1.43	  55.02	
      7	   5.51	   4.96	  0.017	1.00008							#	   2.30	  58.14	
      8	   8.47	  -8.26	 -0.055	1.00003							#	   1.85	  58.69	
      9	   4.60	  10.83	 -0.021	0.99987							#	   2.36	  61.29	
     10	   0.00	 -10.44	 -0.014	1.00020							#	   0.72	  64.85	
     11	   4.07	  -3.17	  0.003	1.00007							#	   0.75	  65.95	
     12	  -2.64	  -2.84	  0.006	1.00010							#	   1.53	  65.03	
     13	   7.40	   0.91	 -0.005	1.00017							#	   2.87	  59.82	
     14	   0.76	   0.47	 -0.020	1.00007							#	   5.03	  55.28	
     15	   2.31	 -11.00	  0.058	1.00016							#	   5.16	  49.93	
     16	   2.88	  -1.46	 -0.018	0.99988							#	   2.78	  56.20	
     17	   0.93	   5.67	 -0.013	1.00028							#	   1.73	  58.87	
     18	   8.53	   4.29	 -0.004	1.00001							#	   2.08	  57.77	
     19	   3.32	   2.77	 -0.032	1.00000							#	   2.38	  56.63	
     20	   7.57	  13.66	  0.064	1.00000							#	   1.79	  58.80	
     21	   5.61	  10.01	  0.030	1.00012							#	   1.77	  60.52	
     22	   5.04	   0.92	  0.018	1.00029							#	   0.89	  59.75	
     23	   3.67	   0.03	 -0.035	1.00024							#	   0.36	  59.86	
     24	   3.51	 -11.79	 -0.016	0.99994							#	   1.13	  61.99	
     25	  -0.62	   2.35	  0.087	1.00057							#	   0.33	  66.50	
     26	   0.34	  -6.67	 -0.046	0.99934							#	   0.80	  60.19	
     27	  -8.92	   9.07	 -0.004	1.00044							#	   2.17	  57.77	
     28	   5.86	   4.33	 -0.007	0.99984							#	   2.22	  60.59	
     29	  -1.96	  11.05	 -0.014	1.00023							#	   2.91	  63.60	
     30	  -4.90	   5.53	 -0.013	1.00018							#	   1.64	  61.22	
     31	   5.42	  -1.07	 -0.005	0.99977							#	   2.39	  61.07	
     32	   3.25	   1.79	 -0.000	0.99995							#	   1.99	  62.61	
     33	   2.49	   7.20	  0.018	0.99952							#	   3.05	  63.93	
     34	  -0.35	  -5.77	  0.018	1.00017							#	   1.02	  64.41	
     35	   1.31	  -1.39	 -0.028	0.99985							#	   1.02	  64.88	
     36	   1.73	   2.89	 -0.006	0.99968							#	   1.50	  63.23	
     37	   0.43	   1.71	  0.042	0.99996							#	   1.09	  63.93	
     38	  -5.44	  -4.99	  0.023	1.00011							#	   0.53	  63.05	
     39	  -5.15	  10.00	  0.005	0.99991							#	   2.59	  63.16	
     40	  -0.36	  -3.21	  0.035	0.99985							#	   0.69	  65.18	
     41	  -0.37	   7.60	  0.036	1.00004							#	   2.72	  65.51	
     42	   2.25	   4.08	  0.027	0.99966							#	   2.38	  60.52	
     43	  -0.44	  -0.67	  0.039	0.99983							#	   4.46	  54.73	
     44	   5.06	  -0.36	  0.015	0.99971							#	   2.46	  52.64	
     45	   0.45	   6.80	 -0.024	0.99963							#	   2.71	  66.90	
     46	   3.20	 -11.79	  0.002	0.99966							#	   1.44	  66.94	
     47	   4.74	   0.45	 -0.035	0.99928							#	   0.32	  64.15	
     48	  -2.53	  -0.15	  0.013	1.00006							#	   0.52	  62.68	
     49	   1.39	  10.21	 -0.077	0.99970							#	   1.35	  63.78	
     50	  -1.21	  -7.03	 -0.055	0.99988							#	   4.99	  60.85	
     51	   0.48	   0.75	 -0.093	0.99947							#	   4.82	  61.66	
     52	   0.99	   2.95	 -0.083	0.99948							#	   6.27	  63.09	
     53	   2.41	  10.57	 -0.029	0.99994							#	   4.64	  60.34	
     54	   0.81	  -0.96	 -0.023	0.99990							#	   3.22	  62.79	
     55	  -5.72	  -7.00	 -0.012	1.00001							#	   1.94	  62.17	
     56	  -0.76	  -3.38	 -0.039	1.00000							#	   0.91	  62.65	
     57	  -4.08	  -2.76	  0.026	0.99991							#	   1.08	  61.18	
     58	  -6.55	  -6.24	  0.038	0.99988							#	   1.25	  60.85	
     59	 -12.28	  -0.20	 -0.010	1.00009							#	   3.31	  63.49	
     60	  -5.75	   7.64	  0.039	1.00029							#	   1.43	  64.11	
     61	  -5.41	   5.01	  0.029	0.99988							#	   1.50	  67.05	
     62	  -3.02	 -12.24	  0.019	1.00085							#	   1.12	  68.70	
     63	  -3.50	   2.88	  0.035	0.99998							#	   0.67	  67.23	
     64	  -9.94	  -1.29	 -0.013	1.00016							#	   1.08	  68.18	
     65	 -12.35	   6.97	 -0.011	0.99961							#	   2.15	  62.21	
     66	 -11.62	  -5.38	 -0.022	0.99960							#	   2.22	  60.89	
     67	 -15.81	   1.76	 -0.033	1.00015							#	   3.15	  59.31	
     68	 -22.00	   2.24	 -0.036	0.99982							#	   3.29	  56.63	
     69	 -25.03	   1.39	 -0.043	1.00004							#	   3.82	  57.48	
     70	 -16.36	 -10.27	 -0.039	0.99979							#	   2.61	  63.16	
     71	 -17.56	  -0.33	 -0.041	1.00017							#	   4.34	  63.71	
     72	 -13.84	  -8.10	 -0.068	1.00037							#	   4.54	  55.68	
     73	  -9.76	   8.45	 -0.023	0.99991							#	   2.76	  55.61	
     74	  -8.84	  -7.06	 -0.005	1.00026							#	   1.70	  64.99	
     75	  -4.99	  -4.61	 -0.022	0.99975							#	   0.56	  67.08	
     76	  -7.99	   2.82	 -0.009	0.99973							#	   0.62	  66.39	
     77	  -2.41	   1.52	 -0.009	1.00044							#	   0.77	  66.20	
     78	  -1.13	  -3.94	 -0.008	1.00046							#	   0.97	  65.54	
     79	   4.03	   0.01	  0.015	1.00013							#	   2.84	  66.86	
     80	  -0.84	  -0.03	  0.018	0.99992							#	   4.20	  65.76	
     81	   0.82	   0.72	  0.035	1.00007							#	   4.20	  63.82	
     82	   4.32	  -7.90	  0.058	1.00008							#	   3.42	  62.06	
     83	   3.23	  -3.33	  0.033	1.00022							#	   3.10	  62.46	
     84	   5.07	  -9.33	  0.009	0.99952							#	   2.87	  62.28	
     85	  -3.52	  -0.90	  0.008	1.00063							#	   1.49	  63.20	
     86	  -5.28	  -7.44	 -0.024	1.00000							#	   1.51	  64.22	
     87	  -9.53	  -2.75	 -0.047	0.99991							#	   1.60	  63.23	
     88	  -1.94	  -1.17	 -0.031	1.00023							#	   0.41	  65.43	
     89	   3.40	   5.52	 -0.052	0.99994							#	   1.19	  66.35	
     90	  -0.12	  -7.79	 -0.057	1.00028							#	   6.17	  66.02	
     91	   4.12	   2.27	 -0.041	0.99990							#	   4.26	  64.15	
     92	   3.11	   0.71	  0.017	1.00004							#	   5.39	  60.48	
     93	  -0.88	   8.79	  0.014	1.00006							#	   5.49	  65.10	
     94	  -4.36	  -9.46	  0.014	1.00008							#	   5.83	  64.63	
     95	  -1.31	   0.80	  0.055	1.00009							#	   4.31	  62.17	
     96	  -4.60	   4.18	 -0.011	0.99991							#	   2.24	  62.35	
     97	  -3.31	   6.78	  0.012	0.99980							#	   1.11	  64.15	
     98	   0.60	  -8.22	  0.006	1.00022							#	   0.51	  64.22	
     99	   0.27	   8.17	  0.025	1.00000							#	   0.63	  63.60	
    100	   7.73	   5.85	 -0.064	0.99984							#	   1.03	  64.19	
    101	  -4.55	   2.16	 -0.021	0.99982							#	   1.64	  61.62	
    102	   7.56	   3.76	 -0.007	0.99959							#	   3.26	  53.85	
    103	  -3.54	   1.55	 -0.013	1.00005							#	   0.83	  58.25	
    104	  -0.64	  11.33	 -0.036	1.00003							#	   2.24	  64.44	
    105	  -2.67	  10.44	 -0.014	0.99987							#	   1.95	  66.09	
    106	   0.62	  -2.53	  0.012	1.00024							#	   0.42	  67.63	
    107	   3.20	   0.81	  0.022	1.00002							#	   1.28	  66.42	
    108	  -1.73	   1.17	  0.025	1.00009							#	   2.27	  67.89	
    109	   0.69	   5.35	  0.061	0.99987							#	   2.21	  67.34	
    110	   0.66	  -6.34	  0.028	1.00003							#	   3.79	  66.28	
    111	   1.24	   6.09	  0.023	1.00024							#	   4.43	  69.13	
    112	  -2.12	   3.03	 -0.005	1.00002							#	   2.93	  67.34	
    113	   1.13	   5.90	 -0.021	0.99995							#	   3.25	  65.80	
    114	  -2.02	 -18.47	  0.025	0.99999							#	  13.90	  58.69	
    115	   3.76	  -1.07	  0.021	1.00011							#	   3.20	  62.68	
    116	   1.64	   4.08	 -0.059	0.99985							#	   0.83	  67.16	
    117	   0.56	  -0.26	  0.037	1.00019							#	   0.32	  69.21	
    118	   3.36	  -3.40	  0.303	0.99983							#	   0.76	  61.22	
